// Jest Snapshot v1, https://goo.gl/fbAQLP

exports[`ForecastSummmary renders correctly 1`] = `
<DocumentFragment>
  <div
    class="forecast-summary"
    data-testid="forecast-summary"
  >
    <div
      class="forecast-summary__date"
    >
      Fri Mar 18
    </div>
    <div
      class="forecast-summary__icon"
      data-testid="forecast-icon"
    >
      <i
        class="wi wi-day-sunny"
        name="owm"
      />
    </div>
    <div
      class="forecast-summary__maxTemp"
    >
      <p
        class="forecast-summary__maxTemp"
      >
        22Â°C
      </p>
    </div>
    <div
      class="forecast-summary__description"
    >
      Stub description
    </div>
    <button
      type="button"
    >
      More details
    </button>
  </div>
</DocumentFragment>
`;
